// Jest Snapshot v1, https://goo.gl/fbAQLP

exports[`Input No labels 1`] = `"?"`;

exports[`Input No labels 2`] = `"? Something"`;

exports[`Input Normal flow 1`] = `"? What's your first name? E.g. John"`;

exports[`Input Normal flow 2`] = `"? What's your first name? Chandler"`;

exports[`Input Normal flow 3`] = `"? What's your last name? Bing"`;
