// Jest Snapshot v1, https://goo.gl/fbAQLP

exports[`Print Message With box title 1`] = `
"[38;2;0;128;0mSimon says=====================================================================[39m

[3mHello[23m

[38;2;0;128;0m===============================================================================[39m
"
`;

exports[`Print Message Without box title 1`] = `
"[38;2;0;128;0m===============================================================================[39m

[3mSimon says hi[23m

[38;2;0;128;0m===============================================================================[39m
"
`;
