// Jest Snapshot v1, https://goo.gl/fbAQLP

exports[`Print Message With box title 1`] = `
"Simon says─────────────────────────────────────────────────────────────────────

Hello

───────────────────────────────────────────────────────────────────────────────
"
`;

exports[`Print Message Without box title 1`] = `
"───────────────────────────────────────────────────────────────────────────────

Simon says hi

───────────────────────────────────────────────────────────────────────────────
"
`;
