// Jest Snapshot v1, https://goo.gl/fbAQLP

exports[`Spawn Show command 1`] = `
"[38;2;0;128;0mRun command ===================================================================[39m

[3mls -al[23m

[38;2;0;128;0m===============================================================================[39m
"
`;
